Error before Pig is launched
----------------------------
ERROR 2997: Encountered IOException. org.apache.pig.tools.parameters.ParameterSubstitutionException: Undefined parameter : date_str

java.io.IOException: org.apache.pig.tools.parameters.ParameterSubstitutionException: Undefined parameter : date_str
	at org.apache.pig.impl.PigContext.doParamSubstitution(PigContext.java:413)
	at org.apache.pig.Main.runParamPreprocessor(Main.java:848)
	at org.apache.pig.Main.run(Main.java:594)
	at org.apache.pig.Main.main(Main.java:175)
	at sun.reflect.NativeMethodAccessorImpl.invoke0(Native Method)
	at sun.reflect.NativeMethodAccessorImpl.invoke(NativeMethodAccessorImpl.java:62)
	at sun.reflect.DelegatingMethodAccessorImpl.invoke(DelegatingMethodAccessorImpl.java:43)
	at java.lang.reflect.Method.invoke(Method.java:498)
	at org.apache.hadoop.util.RunJar.run(RunJar.java:323)
	at org.apache.hadoop.util.RunJar.main(RunJar.java:236)
Caused by: org.apache.pig.tools.parameters.ParameterSubstitutionException: Undefined parameter : date_str
	at org.apache.pig.tools.parameters.PreprocessorContext.substitute(PreprocessorContext.java:377)
	at org.apache.pig.tools.parameters.PreprocessorContext.substitute(PreprocessorContext.java:325)
	at org.apache.pig.tools.parameters.PigFileParser.input(PigFileParser.java:81)
	at org.apache.pig.tools.parameters.PigFileParser.Parse(PigFileParser.java:43)
	at org.apache.pig.tools.parameters.ParameterSubstitutionPreprocessor.parsePigFile(ParameterSubstitutionPreprocessor.java:95)
	at org.apache.pig.tools.parameters.ParameterSubstitutionPreprocessor.genSubstitutedFile(ParameterSubstitutionPreprocessor.java:76)
	at org.apache.pig.impl.PigContext.doParamSubstitution(PigContext.java:409)
	... 9 more
================================================================================
