Pig Stack Trace
---------------
ERROR 1025: <file /scripts/dz2.pig, line 28, column 40> Invalid field projection. Projected field [joined::users::login] does not exist in schema: top1::tweets_len::tweet_id:int,top1::tweets_len::login:chararray,top1::tweets_len::tweet:chararray,top1::tweets_len::tweet_length:long,top1::users::login:chararray,top1::users::user_name:chararray,top1::users::state:chararray.

org.apache.pig.impl.plan.PlanValidationException: ERROR 1025: <file /scripts/dz2.pig, line 28, column 40> Invalid field projection. Projected field [joined::users::login] does not exist in schema: top1::tweets_len::tweet_id:int,top1::tweets_len::login:chararray,top1::tweets_len::tweet:chararray,top1::tweets_len::tweet_length:long,top1::users::login:chararray,top1::users::user_name:chararray,top1::users::state:chararray.
	at org.apache.pig.newplan.logical.expression.ProjectExpression.findColNum(ProjectExpression.java:191)
	at org.apache.pig.newplan.logical.expression.ProjectExpression.setColumnNumberFromAlias(ProjectExpression.java:174)
	at org.apache.pig.newplan.logical.visitor.ColumnAliasConversionVisitor$1.visit(ColumnAliasConversionVisitor.java:53)
	at org.apache.pig.newplan.logical.expression.ProjectExpression.accept(ProjectExpression.java:215)
	at org.apache.pig.newplan.DependencyOrderWalker.walk(DependencyOrderWalker.java:75)
	at org.apache.pig.newplan.PlanVisitor.visit(PlanVisitor.java:52)
	at org.apache.pig.newplan.logical.optimizer.AllExpressionVisitor.visit(AllExpressionVisitor.java:142)
	at org.apache.pig.newplan.logical.relational.LOInnerLoad.accept(LOInnerLoad.java:128)
	at org.apache.pig.newplan.DependencyOrderWalker.walk(DependencyOrderWalker.java:75)
	at org.apache.pig.newplan.logical.optimizer.AllExpressionVisitor.visit(AllExpressionVisitor.java:124)
	at org.apache.pig.newplan.logical.relational.LOForEach.accept(LOForEach.java:87)
	at org.apache.pig.newplan.DependencyOrderWalker.walk(DependencyOrderWalker.java:75)
	at org.apache.pig.newplan.PlanVisitor.visit(PlanVisitor.java:52)
	at org.apache.pig.newplan.logical.relational.LogicalPlan.validate(LogicalPlan.java:176)
	at org.apache.pig.PigServer$Graph.compile(PigServer.java:1852)
	at org.apache.pig.PigServer$Graph.access$300(PigServer.java:1528)
	at org.apache.pig.PigServer.execute(PigServer.java:1441)
	at org.apache.pig.PigServer.executeBatch(PigServer.java:489)
	at org.apache.pig.PigServer.executeBatch(PigServer.java:472)
	at org.apache.pig.tools.grunt.GruntParser.executeBatch(GruntParser.java:171)
	at org.apache.pig.tools.grunt.GruntParser.parseStopOnError(GruntParser.java:234)
	at org.apache.pig.tools.grunt.GruntParser.parseStopOnError(GruntParser.java:205)
	at org.apache.pig.tools.grunt.Grunt.exec(Grunt.java:81)
	at org.apache.pig.Main.run(Main.java:630)
	at org.apache.pig.Main.main(Main.java:175)
	at sun.reflect.NativeMethodAccessorImpl.invoke0(Native Method)
	at sun.reflect.NativeMethodAccessorImpl.invoke(NativeMethodAccessorImpl.java:62)
	at sun.reflect.DelegatingMethodAccessorImpl.invoke(DelegatingMethodAccessorImpl.java:43)
	at java.lang.reflect.Method.invoke(Method.java:498)
	at org.apache.hadoop.util.RunJar.run(RunJar.java:323)
	at org.apache.hadoop.util.RunJar.main(RunJar.java:236)
================================================================================
